// Jest Snapshot v1, https://goo.gl/fbAQLP

exports[`datatables_with_new_lines.feature - gherkin-verify: datatables_with_new_lines.feature 1`] = `
Feature: DataTables

  Scenario: some whitespace is important
    Given 3 lines of poetry on 5 lines
      | \\nraindrops--\\nher last kiss\\ngoodbye.\\n|

    Given an example of negative space
      | lost        i n        space |
`;
